OpenDelimiter(Brace) ["{"] at (0, 1)
Newline ["\n"] at (1, 2)
Whitespace ["    "] at (2, 6)
Unknown ["1"] at (6, 7)
Unknown [";"] at (7, 8)
Newline ["\n"] at (8, 9)
Whitespace ["    "] at (9, 13)
OpenDelimiter(Brace) ["{"] at (13, 14)
Newline ["\n"] at (14, 15)
Whitespace ["        "] at (15, 23)
Unknown ["2"] at (23, 24)
Unknown [";"] at (24, 25)
Newline ["\n"] at (25, 26)
Whitespace ["        "] at (26, 34)
OpenDelimiter(Brace) ["{"] at (34, 35)
Newline ["\n"] at (35, 36)
Whitespace ["            "] at (36, 48)
Unknown ["3"] at (48, 49)
Unknown [";"] at (49, 50)
Newline ["\n"] at (50, 51)
Whitespace ["            "] at (51, 63)
OpenDelimiter(Brace) ["{"] at (63, 64)
Newline ["\n"] at (64, 65)
Whitespace ["                "] at (65, 81)
Unknown ["4"] at (81, 82)
Unknown [";"] at (82, 83)
Newline ["\n"] at (83, 84)
Whitespace ["            "] at (84, 96)
CloseDelimiter(Brace) ["}"] at (96, 97)
Newline ["\n"] at (97, 98)
Whitespace ["        "] at (98, 106)
CloseDelimiter(Brace) ["}"] at (106, 107)
Newline ["\n"] at (107, 108)
Whitespace ["    "] at (108, 112)
CloseDelimiter(Brace) ["}"] at (112, 113)
Newline ["\n"] at (113, 114)
CloseDelimiter(Brace) ["}"] at (114, 115)
Newline ["\n"] at (115, 116)