OpenDelimiter(Brace) at (0, 1)
Newline at (1, 2)
Whitespace at (2, 6)
Unknown at (6, 7)
Unknown at (7, 8)
Newline at (8, 9)
Whitespace at (9, 13)
OpenDelimiter(Brace) at (13, 14)
Newline at (14, 15)
Whitespace at (15, 23)
Unknown at (23, 24)
Unknown at (24, 25)
Newline at (25, 26)
Whitespace at (26, 34)
OpenDelimiter(Brace) at (34, 35)
Newline at (35, 36)
Whitespace at (36, 48)
Unknown at (48, 49)
Unknown at (49, 50)
Newline at (50, 51)
Whitespace at (51, 63)
OpenDelimiter(Brace) at (63, 64)
Newline at (64, 65)
Whitespace at (65, 81)
Unknown at (81, 82)
Unknown at (82, 83)
Newline at (83, 84)
Whitespace at (84, 96)
CloseDelimiter(Brace) at (96, 97)
Newline at (97, 98)
Whitespace at (98, 106)
CloseDelimiter(Brace) at (106, 107)
Newline at (107, 108)
Whitespace at (108, 112)
CloseDelimiter(Brace) at (112, 113)
Newline at (113, 114)
CloseDelimiter(Brace) at (114, 115)
Newline at (115, 116)