Ident at (0, 3)
Whitespace at (3, 4)
Ident at (4, 10)
Whitespace at (10, 11)
Ident at (11, 16)
Whitespace at (16, 17)
OpenDelimiter(Brace) at (17, 18)
Newline at (18, 19)
Whitespace at (19, 23)
Ident at (23, 28)
Colon at (28, 29)
Whitespace at (29, 30)
Ident at (30, 33)
Unknown at (33, 34)
Newline at (34, 35)
Whitespace at (35, 39)
Ident at (39, 44)
Colon at (44, 45)
Whitespace at (45, 46)
Ident at (46, 52)
Unknown at (52, 53)
Newline at (53, 54)
CloseDelimiter(Brace) at (54, 55)
Newline at (55, 57)
Ident at (57, 60)
Whitespace at (60, 61)
Ident at (61, 67)
Whitespace at (67, 68)
Ident at (68, 73)
Unknown at (73, 74)
Lifetime at (74, 76)
Unknown at (76, 77)
Whitespace at (77, 78)
OpenDelimiter(Brace) at (78, 79)
Newline at (79, 80)
Whitespace at (80, 84)
Ident at (84, 89)
Colon at (89, 90)
Whitespace at (90, 91)
Ident at (91, 94)
Unknown at (94, 95)
Lifetime at (95, 97)
Unknown at (97, 98)
Unknown at (98, 99)
Newline at (99, 100)
Whitespace at (100, 104)
Ident at (104, 109)
Colon at (109, 110)
Whitespace at (110, 111)
Ident at (111, 117)
Unknown at (117, 118)
Lifetime at (118, 120)
Unknown at (120, 121)
Unknown at (121, 122)
Newline at (122, 123)
CloseDelimiter(Brace) at (123, 124)
Newline at (124, 125)