Ident at (0, 2)
Whitespace at (2, 3)
Ident at (3, 7)
OpenDelimiter(Paren) at (7, 8)
CloseDelimiter(Paren) at (8, 9)
OpenDelimiter(Brace) at (9, 10)
Newline at (10, 11)
Ident at (11, 14)
Whitespace at (14, 27)
Ident at (27, 30)
Whitespace at (30, 32)
Ident at (32, 38)
Whitespace at (38, 52)
Eq at (52, 53)
Whitespace at (53, 54)
Unknown at (54, 55)
Unknown at (55, 56)
Whitespace at (56, 61)
Unknown at (61, 62)
Newline at (62, 63)
Ident at (63, 66)
Whitespace at (66, 71)
Ident at (71, 74)
Whitespace at (74, 76)
Ident at (76, 79)
Whitespace at (79, 86)
Eq at (86, 87)
Whitespace at (87, 88)
Unknown at (88, 89)
Whitespace at (89, 100)
Unknown at (100, 101)
Newline at (101, 102)
Ident at (102, 105)
Whitespace at (105, 106)
Ident at (106, 107)
Whitespace at (107, 108)
Ident at (108, 110)
Whitespace at (110, 111)
Unknown at (111, 112)
Unknown at (112, 113)
Unknown at (113, 114)
Whitespace at (114, 115)
Ident at (115, 121)
Whitespace at (121, 122)
OpenDelimiter(Brace) at (122, 123)
Newline at (123, 124)
Ident at (124, 126)
Whitespace at (126, 137)
Ident at (137, 138)
Whitespace at (138, 139)
Rem at (139, 140)
Whitespace at (140, 141)
Unknown at (141, 142)
Whitespace at (142, 148)
EqEq at (148, 150)
Whitespace at (150, 159)
Unknown at (159, 160)
OpenDelimiter(Brace) at (160, 161)
Ident at (161, 164)
PlusEq at (164, 166)
Ident at (166, 167)
Unknown at (167, 168)
CloseDelimiter(Brace) at (168, 169)
CloseDelimiter(Brace) at (169, 170)
Newline at (170, 171)
Ident at (171, 178)
Unknown at (178, 179)
OpenDelimiter(Paren) at (179, 180)
String at (180, 251)
Whitespace at (251, 255)
Unknown at (255, 256)
Ident at (256, 262)
Unknown at (262, 263)
Whitespace at (263, 264)
Ident at (264, 267)
CloseDelimiter(Paren) at (267, 268)
Unknown at (268, 269)
Whitespace at (269, 279)
CloseDelimiter(Brace) at (279, 280)
Newline at (280, 281)