fn punch_card() -> impl std::fmt::Debug {
  .. = .. = .. ..    .. .. .. ..    .. .. .. ..    .. .. = .. ..
  .. = .. .. = ..    .. .. .. ..    .. .. .. ..    .. = .. = .. = ..
  .. = .. .. = ..    .. = .. .. = ..    .. .. = .. = ..    .. .. = .. ..
  .. = .. = .. ..    .. = .. .. = ..    .. = .. .. ..    .. .. = .. ..
  .. = .. .. = ..    .. = .. .. = ..    .. .. = .. ..    .. .. = .. ..
  .. = .. .. = ..    .. = .. .. = ..    .. .. .. = ..    .. .. = .. ..
  .. = .. .. = ..    .. .. = .. = ..    .. = .. = .. ..    .. .. = .. ..
}